../Core/Src/main.c:66:6:delay_us	16	static
../Core/Src/main.c:72:6:set_buzzer_state	16	static
../Core/Src/main.c:88:6:play_frequency	24	static
../Core/Src/main.c:107:6:play_test_tone	8	static
../Core/Src/main.c:118:5:main	8	static
../Core/Src/main.c:164:6:SystemClock_Config	96	static
../Core/Src/main.c:209:13:MX_TIM1_Init	128	static
../Core/Src/main.c:296:13:MX_TIM2_Init	56	static
../Core/Src/main.c:352:13:MX_GPIO_Init	48	static
../Core/Src/main.c:423:6:Error_Handler	4	static,ignoring_inline_asm
